[2026-08-07 17:11:46] === LNES-58.5A strike: A1 (X2 + deterministic FK resolver), 67 interaction_check queries ===
[2026-08-07 17:11:46] 0 already done, 67 remaining
[2026-08-07 17:11:51]   [TR100-interaction] correct=True schema_valid=True fk_resolved=1/1 total_ms=4823
[2026-08-07 17:12:00]   [TR101-interaction] correct=True schema_valid=True fk_resolved=1/1 total_ms=8224
[2026-08-07 17:12:11]   [TR102-interaction] correct=True schema_valid=True fk_resolved=1/1 total_ms=9327
[2026-08-07 17:12:18]   [TR103-interaction] correct=True schema_valid=True fk_resolved=1/1 total_ms=5092
[2026-08-07 17:12:27]   [TR104-interaction] correct=True schema_valid=True fk_resolved=1/1 total_ms=7944
[2026-08-07 17:12:34]   [TR105-interaction] correct=True schema_valid=True fk_resolved=1/1 total_ms=5048
[2026-08-07 17:12:41]   [TR106-interaction] correct=True schema_valid=True fk_resolved=1/1 total_ms=6035
[2026-08-07 17:12:49]   [TR107-interaction] correct=True schema_valid=True fk_resolved=1/1 total_ms=6666
[2026-08-07 17:12:56]   [TR108-interaction] correct=True schema_valid=True fk_resolved=1/1 total_ms=5281
[2026-08-07 17:13:04]   [TR109-interaction] correct=True schema_valid=True fk_resolved=1/1 total_ms=5877
[2026-08-07 17:13:12]   [TR110-interaction] correct=True schema_valid=True fk_resolved=1/1 total_ms=6901
[2026-08-07 17:13:24]   [TR111-interaction] correct=True schema_valid=True fk_resolved=1/1 total_ms=10807
[2026-08-07 17:13:33]   [TR112-interaction] correct=True schema_valid=True fk_resolved=1/1 total_ms=7080
[2026-08-07 17:13:42]   [TR113-interaction] correct=True schema_valid=True fk_resolved=1/1 total_ms=7286
[2026-08-07 17:13:48]   [TR114-interaction] correct=True schema_valid=True fk_resolved=1/1 total_ms=4921
[2026-08-07 17:13:54]   [TR115-interaction] correct=True schema_valid=True fk_resolved=1/1 total_ms=4371
[2026-08-07 17:14:03]   [TR116-interaction] correct=True schema_valid=True fk_resolved=1/1 total_ms=7357
[2026-08-07 17:14:13]   [TR117-interaction] correct=True schema_valid=True fk_resolved=1/1 total_ms=8820
[2026-08-07 17:14:21]   [TR118-interaction] correct=True schema_valid=True fk_resolved=1/1 total_ms=6050
[2026-08-07 17:14:32]   [TR119-interaction] correct=True schema_valid=True fk_resolved=1/1 total_ms=9372
[2026-08-07 17:14:38]   [TR120-interaction] correct=True schema_valid=True fk_resolved=1/1 total_ms=5102
[2026-08-07 17:14:45]   [TR121-interaction] correct=True schema_valid=True fk_resolved=1/1 total_ms=4847
[2026-08-07 17:14:53]   [TR122-interaction] correct=True schema_valid=True fk_resolved=1/1 total_ms=6698
[2026-08-07 17:15:04]   [TR123-interaction] correct=True schema_valid=True fk_resolved=1/1 total_ms=9469
[2026-08-07 17:15:11]   [TR124-interaction] correct=True schema_valid=True fk_resolved=1/1 total_ms=5322
[2026-08-07 17:15:20]   [TR125-interaction] correct=True schema_valid=True fk_resolved=1/1 total_ms=7869
[2026-08-07 17:15:27]   [TR126-interaction] correct=True schema_valid=True fk_resolved=1/1 total_ms=5433
[2026-08-07 17:15:35]   [TR127-interaction] correct=True schema_valid=True fk_resolved=1/1 total_ms=6677
[2026-08-07 17:15:52]   [TR128-interaction] correct=False schema_valid=False fk_resolved=1/1 total_ms=15788
[2026-08-07 17:16:10]   [TR129-interaction] correct=False schema_valid=False fk_resolved=1/1 total_ms=15688
[2026-08-07 17:16:17]   [TR130-interaction] correct=True schema_valid=True fk_resolved=1/1 total_ms=5980
[2026-08-07 17:16:24]   [TR131-interaction] correct=True schema_valid=True fk_resolved=1/1 total_ms=5173
[2026-08-07 17:16:34]   [TR132-interaction] correct=True schema_valid=True fk_resolved=1/1 total_ms=9045
[2026-08-07 17:16:41]   [TR133-interaction] correct=True schema_valid=True fk_resolved=1/1 total_ms=5205
[2026-08-07 17:16:48]   [TR134-interaction] correct=True schema_valid=True fk_resolved=1/1 total_ms=5939
[2026-08-07 17:16:54]   [TR135-interaction] correct=True schema_valid=True fk_resolved=1/1 total_ms=4279
[2026-08-07 17:17:01]   [TR136-interaction] correct=True schema_valid=True fk_resolved=1/1 total_ms=4826
[2026-08-07 17:17:07]   [TR137-interaction] correct=True schema_valid=True fk_resolved=1/1 total_ms=5144
[2026-08-07 17:17:16]   [TR138-interaction] correct=True schema_valid=True fk_resolved=1/1 total_ms=7444
[2026-08-07 17:17:21]   [TR139-interaction] correct=True schema_valid=True fk_resolved=1/1 total_ms=3673
[2026-08-07 17:17:28]   [TR140-interaction] correct=True schema_valid=True fk_resolved=1/1 total_ms=5126
[2026-08-07 17:17:34]   [TR141-interaction] correct=True schema_valid=True fk_resolved=1/1 total_ms=4140
[2026-08-07 17:17:42]   [TR142-interaction] correct=True schema_valid=True fk_resolved=1/1 total_ms=6888
[2026-08-07 17:17:48]   [TR143-interaction] correct=True schema_valid=True fk_resolved=1/1 total_ms=4040
[2026-08-07 17:17:55]   [TR144-interaction] correct=True schema_valid=True fk_resolved=1/1 total_ms=6186
[2026-08-07 17:18:04]   [TR145-interaction] correct=True schema_valid=True fk_resolved=1/1 total_ms=7776
[2026-08-07 17:18:10]   [TR146-interaction] correct=True schema_valid=True fk_resolved=1/1 total_ms=3573
[2026-08-07 17:18:20]   [TR147-interaction] correct=True schema_valid=True fk_resolved=1/1 total_ms=8874
[2026-08-07 17:18:29]   [TR148-interaction] correct=True schema_valid=True fk_resolved=1/1 total_ms=7438
[2026-08-07 17:18:39]   [TR149-interaction] correct=True schema_valid=True fk_resolved=1/1 total_ms=8928
[2026-08-07 17:18:52]   [TR150-interaction] correct=True schema_valid=True fk_resolved=1/1 total_ms=11569
[2026-08-07 17:19:07]   [TR151-interaction] correct=True schema_valid=True fk_resolved=1/1 total_ms=13573
[2026-08-07 17:19:13]   [TR152-interaction] correct=True schema_valid=True fk_resolved=1/1 total_ms=4361
[2026-08-07 17:19:21]   [TR153-interaction] correct=True schema_valid=True fk_resolved=1/1 total_ms=6604
[2026-08-07 17:19:30]   [TR154-interaction] correct=True schema_valid=True fk_resolved=1/1 total_ms=6745
[2026-08-07 17:19:35]   [TR155-interaction] correct=True schema_valid=True fk_resolved=1/1 total_ms=3468
[2026-08-07 17:19:44]   [TR156-interaction] correct=True schema_valid=True fk_resolved=1/1 total_ms=7679
[2026-08-07 17:19:55]   [TR157-interaction] correct=True schema_valid=True fk_resolved=1/1 total_ms=9795
[2026-08-07 17:20:08]   [TR158-interaction] correct=True schema_valid=True fk_resolved=1/1 total_ms=11011
[2026-08-07 17:20:14]   [TR159-interaction] correct=True schema_valid=True fk_resolved=1/1 total_ms=5234
[2026-08-07 17:20:23]   [TR160-interaction] correct=True schema_valid=True fk_resolved=1/1 total_ms=6909
[2026-08-07 17:20:29]   [TR161-interaction] correct=True schema_valid=True fk_resolved=1/1 total_ms=5138
[2026-08-07 17:20:46]   [TR162-interaction] correct=True schema_valid=True fk_resolved=1/1 total_ms=14649
[2026-08-07 17:20:52]   [TR163-interaction] correct=True schema_valid=True fk_resolved=1/1 total_ms=5216
[2026-08-07 17:21:00]   [TR164-interaction] correct=True schema_valid=True fk_resolved=1/1 total_ms=6002
[2026-08-07 17:21:06]   [TR165-interaction] correct=True schema_valid=True fk_resolved=1/1 total_ms=5009
[2026-08-07 17:21:13]   [TR166-interaction] correct=True schema_valid=True fk_resolved=1/1 total_ms=5523
[2026-08-07 17:21:15] === A1 strike run complete ===
