[2026-08-07 19:06:47] Token delta from closed-world instruction (est): 114
[2026-08-07 19:06:47] === X6A 4-case diagnostic (mechanism check only) ===
[2026-08-07 19:06:54]   [diag] [TR106-interaction] correct=True fabrication=False
[2026-08-07 19:07:08]   [diag] [TR137-interaction] correct=True fabrication=False
[2026-08-07 19:07:16]   [diag] [TR140-interaction] correct=True fabrication=False
[2026-08-07 19:07:27]   [diag] [TR158-interaction] correct=True fabrication=False
[2026-08-07 19:07:29] === X6A full 67-query run ===
[2026-08-07 19:07:34]   [TR100-interaction] state=MATCH correct=True total_ms=5938
[2026-08-07 19:07:42]   [TR101-interaction] state=NO_MATCH correct=True total_ms=5764
[2026-08-07 19:07:50]   [TR102-interaction] state=MATCH correct=True total_ms=6842
[2026-08-07 19:07:56]   [TR103-interaction] state=MATCH correct=True total_ms=3958
[2026-08-07 19:08:05]   [TR104-interaction] state=NO_MATCH correct=True total_ms=7752
[2026-08-07 19:08:19]   [TR105-interaction] state=MATCH correct=True total_ms=13149
[2026-08-07 19:08:27]   [TR106-interaction] state=NO_MATCH correct=True total_ms=5832
[2026-08-07 19:08:38]   [TR107-interaction] state=MATCH correct=True total_ms=9249
[2026-08-07 19:08:47]   [TR108-interaction] state=NO_MATCH correct=True total_ms=8183
[2026-08-07 19:08:57]   [TR109-interaction] state=NO_MATCH correct=True total_ms=8558
[2026-08-07 19:09:09]   [TR110-interaction] state=NO_MATCH correct=True total_ms=10105
[2026-08-07 19:09:14]   [TR111-interaction] state=MATCH correct=True total_ms=4063
[2026-08-07 19:09:21]   [TR112-interaction] state=MATCH correct=True total_ms=5474
[2026-08-07 19:09:32]   [TR113-interaction] state=MATCH correct=True total_ms=8756
[2026-08-07 19:09:39]   [TR114-interaction] state=MATCH correct=True total_ms=5378
[2026-08-07 19:09:48]   [TR115-interaction] state=MATCH correct=True total_ms=8067
[2026-08-07 19:09:58]   [TR116-interaction] state=NO_MATCH correct=True total_ms=8040
[2026-08-07 19:10:05]   [TR117-interaction] state=NO_MATCH correct=True total_ms=5889
[2026-08-07 19:10:16]   [TR118-interaction] state=NO_MATCH correct=True total_ms=9898
[2026-08-07 19:10:26]   [TR119-interaction] state=NO_MATCH correct=True total_ms=8445
[2026-08-07 19:10:34]   [TR120-interaction] state=MATCH correct=True total_ms=6273
[2026-08-07 19:10:42]   [TR121-interaction] state=NO_MATCH correct=True total_ms=6146
[2026-08-07 19:10:53]   [TR122-interaction] state=MATCH correct=True total_ms=9591
[2026-08-07 19:11:02]   [TR123-interaction] state=NO_MATCH correct=True total_ms=7872
[2026-08-07 19:11:13]   [TR124-interaction] state=NO_MATCH correct=True total_ms=9158
[2026-08-07 19:11:19]   [TR125-interaction] state=NO_MATCH correct=True total_ms=4343
[2026-08-07 19:11:26]   [TR126-interaction] state=MATCH correct=True total_ms=5689
[2026-08-07 19:11:38]   [TR127-interaction] state=MATCH correct=True total_ms=10921
[2026-08-07 19:11:50]   [TR128-interaction] state=MATCH correct=True total_ms=9734
[2026-08-07 19:12:07]   [TR129-interaction] state=MATCH correct=False total_ms=15736
[2026-08-07 19:12:13]   [TR130-interaction] state=NO_MATCH correct=True total_ms=4113
[2026-08-07 19:12:18]   [TR131-interaction] state=MATCH correct=True total_ms=3946
[2026-08-07 19:12:30]   [TR132-interaction] state=MATCH correct=True total_ms=10107
[2026-08-07 19:12:39]   [TR133-interaction] state=MATCH correct=True total_ms=7384
[2026-08-07 19:12:49]   [TR134-interaction] state=MATCH correct=True total_ms=9357
[2026-08-07 19:13:02]   [TR135-interaction] state=MATCH correct=True total_ms=11622
[2026-08-07 19:13:13]   [TR136-interaction] state=MATCH correct=True total_ms=9180
[2026-08-07 19:13:28]   [TR137-interaction] state=NO_MATCH correct=True total_ms=13238
[2026-08-07 19:13:45]   [TR138-interaction] state=MATCH correct=False total_ms=15792
[2026-08-07 19:13:51]   [TR139-interaction] state=MATCH correct=True total_ms=4376
[2026-08-07 19:13:59]   [TR140-interaction] state=NO_MATCH correct=True total_ms=6074
[2026-08-07 19:14:06]   [TR141-interaction] state=NO_MATCH correct=True total_ms=6015
[2026-08-07 19:14:14]   [TR142-interaction] state=MATCH correct=True total_ms=6307
[2026-08-07 19:14:27]   [TR143-interaction] state=MATCH correct=True total_ms=11204
[2026-08-07 19:14:38]   [TR144-interaction] state=MATCH correct=True total_ms=9375
[2026-08-07 19:14:45]   [TR145-interaction] state=MATCH correct=True total_ms=5962
[2026-08-07 19:14:57]   [TR146-interaction] state=MATCH correct=True total_ms=10068
[2026-08-07 19:15:08]   [TR147-interaction] state=MATCH correct=True total_ms=9454
[2026-08-07 19:15:16]   [TR148-interaction] state=MATCH correct=True total_ms=7425
[2026-08-07 19:15:22]   [TR149-interaction] state=NO_MATCH correct=True total_ms=4315
[2026-08-07 19:15:30]   [TR150-interaction] state=NO_MATCH correct=True total_ms=6189
[2026-08-07 19:15:44]   [TR151-interaction] state=MATCH correct=True total_ms=12552
[2026-08-07 19:16:00]   [TR152-interaction] state=MATCH correct=True total_ms=14252
[2026-08-07 19:16:05]   [TR153-interaction] state=NO_MATCH correct=True total_ms=3189
[2026-08-07 19:16:12]   [TR154-interaction] state=NO_MATCH correct=True total_ms=5594
[2026-08-07 19:16:29]   [TR155-interaction] state=MATCH correct=False total_ms=15796
[2026-08-07 19:16:38]   [TR156-interaction] state=MATCH correct=True total_ms=7856
[2026-08-07 19:16:47]   [TR157-interaction] state=MATCH correct=True total_ms=7665
[2026-08-07 19:16:59]   [TR158-interaction] state=NO_MATCH correct=True total_ms=9964
[2026-08-07 19:17:09]   [TR159-interaction] state=MATCH correct=True total_ms=8345
[2026-08-07 19:17:16]   [TR160-interaction] state=MATCH correct=True total_ms=6117
[2026-08-07 19:17:24]   [TR161-interaction] state=MATCH correct=True total_ms=5985
[2026-08-07 19:17:39]   [TR162-interaction] state=MATCH correct=True total_ms=13183
[2026-08-07 19:17:48]   [TR163-interaction] state=NO_MATCH correct=True total_ms=7993
[2026-08-07 19:17:59]   [TR164-interaction] state=MATCH correct=True total_ms=9307
[2026-08-07 19:18:07]   [TR165-interaction] state=NO_MATCH correct=True total_ms=6900
[2026-08-07 19:18:15]   [TR166-interaction] state=MATCH correct=True total_ms=6130
[2026-08-07 19:18:16] === X6A complete ===
