[2026-08-07 17:40:24] Loaded frozen graph: 5 relation nodes, 67 record manifests
[2026-08-07 17:40:24] === LNES-58.6 strike: X4 (Deterministic Entity Graph), 67 interaction_check queries ===
[2026-08-07 17:40:24] 0 already done, 67 remaining
[2026-08-07 17:40:28]   [TR100-interaction] correct=True schema_valid=True nodes=1 rel_recall=1.00 total_ms=3777
[2026-08-07 17:40:38]   [TR101-interaction] correct=False schema_valid=True nodes=0 rel_recall=1.00 total_ms=9006
[2026-08-07 17:40:47]   [TR102-interaction] correct=True schema_valid=True nodes=1 rel_recall=1.00 total_ms=7309
[2026-08-07 17:40:51]   [TR103-interaction] correct=True schema_valid=True nodes=1 rel_recall=1.00 total_ms=2804
[2026-08-07 17:40:58]   [TR104-interaction] correct=False schema_valid=True nodes=0 rel_recall=1.00 total_ms=5004
[2026-08-07 17:41:07]   [TR105-interaction] correct=True schema_valid=True nodes=1 rel_recall=1.00 total_ms=8160
[2026-08-07 17:41:15]   [TR106-interaction] correct=False schema_valid=True nodes=0 rel_recall=1.00 total_ms=5967
[2026-08-07 17:41:26]   [TR107-interaction] correct=True schema_valid=True nodes=1 rel_recall=1.00 total_ms=9402
[2026-08-07 17:41:32]   [TR108-interaction] correct=True schema_valid=True nodes=0 rel_recall=1.00 total_ms=4233
[2026-08-07 17:41:49]   [TR109-interaction] correct=False schema_valid=False nodes=0 rel_recall=1.00 total_ms=15529
[2026-08-07 17:41:54]   [TR110-interaction] correct=True schema_valid=True nodes=0 rel_recall=1.00 total_ms=3725
[2026-08-07 17:42:00]   [TR111-interaction] correct=True schema_valid=True nodes=1 rel_recall=1.00 total_ms=4798
[2026-08-07 17:42:08]   [TR112-interaction] correct=True schema_valid=True nodes=1 rel_recall=1.00 total_ms=6035
[2026-08-07 17:42:17]   [TR113-interaction] correct=True schema_valid=True nodes=1 rel_recall=1.00 total_ms=7508
[2026-08-07 17:42:25]   [TR114-interaction] correct=True schema_valid=True nodes=1 rel_recall=1.00 total_ms=6366
[2026-08-07 17:42:34]   [TR115-interaction] correct=True schema_valid=True nodes=1 rel_recall=1.00 total_ms=8168
[2026-08-07 17:42:44]   [TR116-interaction] correct=True schema_valid=True nodes=0 rel_recall=1.00 total_ms=8193
[2026-08-07 17:42:49]   [TR117-interaction] correct=True schema_valid=True nodes=0 rel_recall=1.00 total_ms=3666
[2026-08-07 17:42:54]   [TR118-interaction] correct=True schema_valid=True nodes=0 rel_recall=1.00 total_ms=3362
[2026-08-07 17:42:59]   [TR119-interaction] correct=True schema_valid=True nodes=0 rel_recall=1.00 total_ms=3888
[2026-08-07 17:43:04]   [TR120-interaction] correct=True schema_valid=True nodes=1 rel_recall=1.00 total_ms=3294
[2026-08-07 17:43:12]   [TR121-interaction] correct=False schema_valid=True nodes=0 rel_recall=1.00 total_ms=6403
[2026-08-07 17:43:20]   [TR122-interaction] correct=True schema_valid=True nodes=1 rel_recall=1.00 total_ms=6531
[2026-08-07 17:43:31]   [TR123-interaction] correct=False schema_valid=True nodes=0 rel_recall=1.00 total_ms=9840
[2026-08-07 17:43:37]   [TR124-interaction] correct=True schema_valid=True nodes=0 rel_recall=1.00 total_ms=4337
[2026-08-07 17:43:44]   [TR125-interaction] correct=False schema_valid=True nodes=0 rel_recall=1.00 total_ms=5587
[2026-08-07 17:43:52]   [TR126-interaction] correct=True schema_valid=True nodes=1 rel_recall=1.00 total_ms=6253
[2026-08-07 17:44:03]   [TR127-interaction] correct=True schema_valid=True nodes=1 rel_recall=1.00 total_ms=9081
[2026-08-07 17:44:14]   [TR128-interaction] correct=True schema_valid=True nodes=1 rel_recall=1.00 total_ms=9908
[2026-08-07 17:44:26]   [TR129-interaction] correct=True schema_valid=True nodes=1 rel_recall=1.00 total_ms=9961
[2026-08-07 17:44:35]   [TR130-interaction] correct=False schema_valid=True nodes=0 rel_recall=1.00 total_ms=8442
[2026-08-07 17:44:40]   [TR131-interaction] correct=True schema_valid=True nodes=1 rel_recall=1.00 total_ms=2827
[2026-08-07 17:44:46]   [TR132-interaction] correct=True schema_valid=True nodes=1 rel_recall=1.00 total_ms=4946
[2026-08-07 17:44:54]   [TR133-interaction] correct=True schema_valid=True nodes=1 rel_recall=1.00 total_ms=6086
[2026-08-07 17:45:00]   [TR134-interaction] correct=True schema_valid=True nodes=1 rel_recall=1.00 total_ms=4682
[2026-08-07 17:45:11]   [TR135-interaction] correct=True schema_valid=True nodes=1 rel_recall=1.00 total_ms=9782
[2026-08-07 17:45:18]   [TR136-interaction] correct=True schema_valid=True nodes=1 rel_recall=1.00 total_ms=4988
[2026-08-07 17:45:27]   [TR137-interaction] correct=False schema_valid=True nodes=0 rel_recall=1.00 total_ms=7334
[2026-08-07 17:45:36]   [TR138-interaction] correct=True schema_valid=True nodes=1 rel_recall=1.00 total_ms=8014
[2026-08-07 17:45:44]   [TR139-interaction] correct=True schema_valid=True nodes=1 rel_recall=1.00 total_ms=6018
[2026-08-07 17:45:50]   [TR140-interaction] correct=True schema_valid=True nodes=0 rel_recall=1.00 total_ms=5196
[2026-08-07 17:45:57]   [TR141-interaction] correct=False schema_valid=True nodes=0 rel_recall=1.00 total_ms=4868
[2026-08-07 17:46:06]   [TR142-interaction] correct=True schema_valid=True nodes=1 rel_recall=1.00 total_ms=7279
[2026-08-07 17:46:13]   [TR143-interaction] correct=True schema_valid=True nodes=1 rel_recall=1.00 total_ms=6116
[2026-08-07 17:46:22]   [TR144-interaction] correct=True schema_valid=True nodes=2 rel_recall=1.00 total_ms=6894
[2026-08-07 17:46:30]   [TR145-interaction] correct=True schema_valid=True nodes=1 rel_recall=1.00 total_ms=6651
[2026-08-07 17:46:39]   [TR146-interaction] correct=True schema_valid=True nodes=1 rel_recall=1.00 total_ms=7512
[2026-08-07 17:46:46]   [TR147-interaction] correct=True schema_valid=True nodes=1 rel_recall=1.00 total_ms=5797
[2026-08-07 17:46:52]   [TR148-interaction] correct=True schema_valid=True nodes=1 rel_recall=1.00 total_ms=4444
[2026-08-07 17:47:08]   [TR149-interaction] correct=False schema_valid=True nodes=0 rel_recall=1.00 total_ms=14323
[2026-08-07 17:47:20]   [TR150-interaction] correct=False schema_valid=True nodes=0 rel_recall=1.00 total_ms=11069
[2026-08-07 17:47:26]   [TR151-interaction] correct=True schema_valid=True nodes=2 rel_recall=1.00 total_ms=4483
[2026-08-07 17:47:36]   [TR152-interaction] correct=True schema_valid=True nodes=1 rel_recall=1.00 total_ms=8634
[2026-08-07 17:47:47]   [TR153-interaction] correct=False schema_valid=True nodes=0 rel_recall=1.00 total_ms=9412
[2026-08-07 17:47:53]   [TR154-interaction] correct=True schema_valid=True nodes=0 rel_recall=1.00 total_ms=3995
[2026-08-07 17:47:59]   [TR155-interaction] correct=True schema_valid=True nodes=1 rel_recall=1.00 total_ms=4903
[2026-08-07 17:48:06]   [TR156-interaction] correct=True schema_valid=True nodes=1 rel_recall=1.00 total_ms=5019
[2026-08-07 17:48:12]   [TR157-interaction] correct=True schema_valid=True nodes=1 rel_recall=1.00 total_ms=4439
[2026-08-07 17:48:26]   [TR158-interaction] correct=False schema_valid=True nodes=0 rel_recall=1.00 total_ms=12393
[2026-08-07 17:48:34]   [TR159-interaction] correct=True schema_valid=True nodes=1 rel_recall=1.00 total_ms=6594
[2026-08-07 17:48:41]   [TR160-interaction] correct=True schema_valid=True nodes=1 rel_recall=1.00 total_ms=6225
[2026-08-07 17:48:51]   [TR161-interaction] correct=True schema_valid=True nodes=1 rel_recall=1.00 total_ms=8267
[2026-08-07 17:49:03]   [TR162-interaction] correct=True schema_valid=True nodes=1 rel_recall=1.00 total_ms=10028
[2026-08-07 17:49:08]   [TR163-interaction] correct=True schema_valid=True nodes=0 rel_recall=1.00 total_ms=3456
[2026-08-07 17:49:17]   [TR164-interaction] correct=True schema_valid=True nodes=1 rel_recall=1.00 total_ms=7827
[2026-08-07 17:49:22]   [TR165-interaction] correct=True schema_valid=True nodes=0 rel_recall=1.00 total_ms=3911
[2026-08-07 17:49:29]   [TR166-interaction] correct=True schema_valid=True nodes=1 rel_recall=1.00 total_ms=4596
[2026-08-07 17:49:30] === X4 strike run complete ===
