[2026-08-07 18:26:24] Loaded frozen graph: 5 relation nodes, 67 manifests
[2026-08-07 18:26:24] === LNES-58.7 X5 strike: 67 interaction_check queries ===
[2026-08-07 18:26:24] 0 already done, 67 remaining
[2026-08-07 18:26:27]   [TR100-interaction] state=MATCH correct=True schema_valid=True total_ms=3777
[2026-08-07 18:26:36]   [TR101-interaction] state=NO_MATCH correct=True schema_valid=True total_ms=6750
[2026-08-07 18:26:44]   [TR102-interaction] state=MATCH correct=True schema_valid=True total_ms=7222
[2026-08-07 18:26:49]   [TR103-interaction] state=MATCH correct=True schema_valid=True total_ms=2849
[2026-08-07 18:27:03]   [TR104-interaction] state=NO_MATCH correct=True schema_valid=True total_ms=12971
[2026-08-07 18:27:13]   [TR105-interaction] state=MATCH correct=True schema_valid=True total_ms=8210
[2026-08-07 18:27:25]   [TR106-interaction] state=NO_MATCH correct=False schema_valid=True total_ms=11070
[2026-08-07 18:27:36]   [TR107-interaction] state=MATCH correct=True schema_valid=True total_ms=9344
[2026-08-07 18:27:46]   [TR108-interaction] state=NO_MATCH correct=True schema_valid=True total_ms=8320
[2026-08-07 18:27:52]   [TR109-interaction] state=NO_MATCH correct=True schema_valid=True total_ms=4154
[2026-08-07 18:28:01]   [TR110-interaction] state=NO_MATCH correct=True schema_valid=True total_ms=7598
[2026-08-07 18:28:07]   [TR111-interaction] state=MATCH correct=True schema_valid=True total_ms=4793
[2026-08-07 18:28:15]   [TR112-interaction] state=MATCH correct=True schema_valid=True total_ms=6079
[2026-08-07 18:28:24]   [TR113-interaction] state=MATCH correct=True schema_valid=True total_ms=7542
[2026-08-07 18:28:32]   [TR114-interaction] state=MATCH correct=True schema_valid=True total_ms=6415
[2026-08-07 18:28:41]   [TR115-interaction] state=MATCH correct=True schema_valid=True total_ms=8238
[2026-08-07 18:28:52]   [TR116-interaction] state=NO_MATCH correct=True schema_valid=True total_ms=8606
[2026-08-07 18:29:03]   [TR117-interaction] state=NO_MATCH correct=True schema_valid=True total_ms=9724
[2026-08-07 18:29:15]   [TR118-interaction] state=NO_MATCH correct=True schema_valid=True total_ms=10483
[2026-08-07 18:29:22]   [TR119-interaction] state=NO_MATCH correct=True schema_valid=True total_ms=5764
[2026-08-07 18:29:27]   [TR120-interaction] state=MATCH correct=True schema_valid=True total_ms=3296
[2026-08-07 18:29:32]   [TR121-interaction] state=NO_MATCH correct=True schema_valid=True total_ms=3825
[2026-08-07 18:29:40]   [TR122-interaction] state=MATCH correct=True schema_valid=True total_ms=6552
[2026-08-07 18:29:48]   [TR123-interaction] state=NO_MATCH correct=True schema_valid=True total_ms=6220
[2026-08-07 18:29:58]   [TR124-interaction] state=NO_MATCH correct=True schema_valid=True total_ms=8874
[2026-08-07 18:30:07]   [TR125-interaction] state=NO_MATCH correct=True schema_valid=True total_ms=7233
[2026-08-07 18:30:15]   [TR126-interaction] state=MATCH correct=True schema_valid=True total_ms=6314
[2026-08-07 18:30:25]   [TR127-interaction] state=MATCH correct=True schema_valid=True total_ms=9135
[2026-08-07 18:30:37]   [TR128-interaction] state=MATCH correct=True schema_valid=True total_ms=9902
[2026-08-07 18:30:48]   [TR129-interaction] state=MATCH correct=True schema_valid=True total_ms=9999
[2026-08-07 18:30:58]   [TR130-interaction] state=NO_MATCH correct=True schema_valid=True total_ms=8297
[2026-08-07 18:31:03]   [TR131-interaction] state=MATCH correct=True schema_valid=True total_ms=2842
[2026-08-07 18:31:09]   [TR132-interaction] state=MATCH correct=True schema_valid=True total_ms=4947
[2026-08-07 18:31:17]   [TR133-interaction] state=MATCH correct=True schema_valid=True total_ms=6087
[2026-08-07 18:31:23]   [TR134-interaction] state=MATCH correct=True schema_valid=True total_ms=4742
[2026-08-07 18:31:34]   [TR135-interaction] state=MATCH correct=True schema_valid=True total_ms=9809
[2026-08-07 18:31:41]   [TR136-interaction] state=MATCH correct=True schema_valid=True total_ms=4974
[2026-08-07 18:31:54]   [TR137-interaction] state=NO_MATCH correct=False schema_valid=True total_ms=11539
[2026-08-07 18:32:03]   [TR138-interaction] state=MATCH correct=True schema_valid=True total_ms=8032
[2026-08-07 18:32:11]   [TR139-interaction] state=MATCH correct=True schema_valid=True total_ms=6055
[2026-08-07 18:32:23]   [TR140-interaction] state=NO_MATCH correct=False schema_valid=True total_ms=10466
[2026-08-07 18:32:35]   [TR141-interaction] state=NO_MATCH correct=True schema_valid=True total_ms=10882
[2026-08-07 18:32:44]   [TR142-interaction] state=MATCH correct=True schema_valid=True total_ms=7244
[2026-08-07 18:32:52]   [TR143-interaction] state=MATCH correct=True schema_valid=True total_ms=6154
[2026-08-07 18:33:00]   [TR144-interaction] state=MATCH correct=True schema_valid=True total_ms=6905
[2026-08-07 18:33:08]   [TR145-interaction] state=MATCH correct=True schema_valid=True total_ms=6655
[2026-08-07 18:33:17]   [TR146-interaction] state=MATCH correct=True schema_valid=True total_ms=7450
[2026-08-07 18:33:24]   [TR147-interaction] state=MATCH correct=True schema_valid=True total_ms=5839
[2026-08-07 18:33:30]   [TR148-interaction] state=MATCH correct=True schema_valid=True total_ms=4475
[2026-08-07 18:33:46]   [TR149-interaction] state=NO_MATCH correct=True schema_valid=True total_ms=13968
[2026-08-07 18:33:54]   [TR150-interaction] state=NO_MATCH correct=True schema_valid=True total_ms=6573
[2026-08-07 18:34:00]   [TR151-interaction] state=MATCH correct=True schema_valid=True total_ms=4486
[2026-08-07 18:34:10]   [TR152-interaction] state=MATCH correct=True schema_valid=True total_ms=8524
[2026-08-07 18:34:16]   [TR153-interaction] state=NO_MATCH correct=True schema_valid=True total_ms=4830
[2026-08-07 18:34:21]   [TR154-interaction] state=NO_MATCH correct=True schema_valid=True total_ms=3100
[2026-08-07 18:34:27]   [TR155-interaction] state=MATCH correct=True schema_valid=True total_ms=4929
[2026-08-07 18:34:34]   [TR156-interaction] state=MATCH correct=True schema_valid=True total_ms=5031
[2026-08-07 18:34:40]   [TR157-interaction] state=MATCH correct=True schema_valid=True total_ms=4459
[2026-08-07 18:34:52]   [TR158-interaction] state=NO_MATCH correct=False schema_valid=True total_ms=10646
[2026-08-07 18:35:00]   [TR159-interaction] state=MATCH correct=True schema_valid=True total_ms=6641
[2026-08-07 18:35:08]   [TR160-interaction] state=MATCH correct=True schema_valid=True total_ms=6264
[2026-08-07 18:35:18]   [TR161-interaction] state=MATCH correct=True schema_valid=True total_ms=8288
[2026-08-07 18:35:29]   [TR162-interaction] state=MATCH correct=True schema_valid=True total_ms=10014
[2026-08-07 18:35:43]   [TR163-interaction] state=NO_MATCH correct=True schema_valid=True total_ms=11887
[2026-08-07 18:35:52]   [TR164-interaction] state=MATCH correct=True schema_valid=True total_ms=7791
[2026-08-07 18:36:01]   [TR165-interaction] state=NO_MATCH correct=True schema_valid=True total_ms=7421
[2026-08-07 18:36:07]   [TR166-interaction] state=MATCH correct=True schema_valid=True total_ms=4559
[2026-08-07 18:36:08] === X5 strike run complete ===
